Component: Arm Compiler for Embedded 6.18 Tool: armlink [5e4cc100]

==============================================================================

Section Cross References

    main.o(.text) refers (Special) to config_moteur.o(.text) for MOTEUR_DROIT_INVERSE
    main.o(.text) refers to config_leds.o(.text) for LED_INIT
    startup_armcm3.o(RESET) refers to startup_armcm3.o(STACK) for __initial_sp
    startup_armcm3.o(RESET) refers to startup_armcm3.o(.text) for Reset_Handler
    startup_armcm3.o(.text) refers to system_armcm3.o(.text.SystemInit) for SystemInit
    startup_armcm3.o(.text) refers to main.o(.text) for __main
    system_armcm3.o(.text.SystemCoreClockUpdate) refers to system_armcm3.o(.data.SystemCoreClock) for SystemCoreClock
    system_armcm3.o(.ARM.exidx.text.SystemCoreClockUpdate) refers to system_armcm3.o(.text.SystemCoreClockUpdate) for [Anonymous Symbol]
    system_armcm3.o(.text.SystemInit) refers to startup_armcm3.o(RESET) for __Vectors
    system_armcm3.o(.text.SystemInit) refers to system_armcm3.o(.data.SystemCoreClock) for SystemCoreClock
    system_armcm3.o(.ARM.exidx.text.SystemInit) refers to system_armcm3.o(.text.SystemInit) for [Anonymous Symbol]


==============================================================================

Removing Unused input sections from the image.

    Removing startup_armcm3.o(HEAP), (3072 bytes).
    Removing system_armcm3.o(.text), (0 bytes).
    Removing system_armcm3.o(.text.SystemCoreClockUpdate), (20 bytes).
    Removing system_armcm3.o(.ARM.exidx.text.SystemCoreClockUpdate), (8 bytes).
    Removing system_armcm3.o(.ARM.exidx.text.SystemInit), (8 bytes).

5 unused section(s) (total 3108 bytes) removed from the image.

==============================================================================

Image Symbol Table

    Local Symbols

    Symbol Name                              Value     Ov Type        Size  Object(Section)

    Asm/config_leds.s                        0x00000000   Number         0  config_leds.o ABSOLUTE
    Asm/config_moteur.s                      0x00000000   Number         0  config_moteur.o ABSOLUTE
    Asm/main.s                               0x00000000   Number         0  main.o ABSOLUTE
    RTE/Device/ARMCM3/startup_ARMCM3.s       0x00000000   Number         0  startup_armcm3.o ABSOLUTE
    system_ARMCM3.c                          0x00000000   Number         0  system_armcm3.o ABSOLUTE
    RESET                                    0x00000000   Section      960  startup_armcm3.o(RESET)
    .text                                    0x000003c0   Section       96  config_leds.o(.text)
    .text                                    0x00000420   Section      484  config_moteur.o(.text)
    .text                                    0x00000604   Section      396  main.o(.text)
    .text                                    0x00000790   Section       56  startup_armcm3.o(.text)
    [Anonymous Symbol]                       0x000007c8   Section        0  system_armcm3.o(.text.SystemInit)
    STACK                                    0x20000008   Section     1024  startup_armcm3.o(STACK)

    Global Symbols

    Symbol Name                              Value     Ov Type        Size  Object(Section)

    BuildAttributes$$THM_ISAv4$P$D$K$B$S$PE$A:L22UL41UL21$X:L11$S22US41US21$IEEE1$IW$~IW$USESV6$~STKCKD$USESV7$~SHL$OSPACE$EBA8$MICROLIB$REQ8$PRES8$EABIv2 0x00000000   Number         0  anon$$obj.o ABSOLUTE
    __Vectors                                0x00000000   Data           4  startup_armcm3.o(RESET)
    LED_INIT                                 0x000003c1   Thumb Code     0  config_leds.o(.text)
    __Vectors_End                            0x000003c0   Data           0  startup_armcm3.o(RESET)
    __Vectors_Size                           0x000003c0   Number         0  startup_armcm3.o ABSOLUTE
    LED_GAUCHE_ON                            0x000003db   Thumb Code     0  config_leds.o(.text)
    LED_GAUCHE_OFF                           0x000003e7   Thumb Code     0  config_leds.o(.text)
    LED_DROITE_ON                            0x000003f3   Thumb Code     0  config_leds.o(.text)
    LED_DROITE_OFF                           0x000003ff   Thumb Code     0  config_leds.o(.text)
    MOTEUR_INIT                              0x00000421   Thumb Code     0  config_moteur.o(.text)
    MOTEUR_DROIT_ON                          0x00000525   Thumb Code     0  config_moteur.o(.text)
    MOTEUR_DROIT_OFF                         0x00000531   Thumb Code     0  config_moteur.o(.text)
    MOTEUR_GAUCHE_ON                         0x0000053d   Thumb Code     0  config_moteur.o(.text)
    MOTEUR_GAUCHE_OFF                        0x00000549   Thumb Code     0  config_moteur.o(.text)
    MOTEUR_DROIT_ARRIERE                     0x00000555   Thumb Code     0  config_moteur.o(.text)
    MOTEUR_DROIT_AVANT                       0x0000055f   Thumb Code     0  config_moteur.o(.text)
    MOTEUR_GAUCHE_ARRIERE                    0x00000569   Thumb Code     0  config_moteur.o(.text)
    MOTEUR_GAUCHE_AVANT                      0x00000573   Thumb Code     0  config_moteur.o(.text)
    MOTEUR_DROIT_INVERSE                     0x0000057d   Thumb Code     0  config_moteur.o(.text)
    MOTEUR_GAUCHE_INVERSE                    0x00000589   Thumb Code     0  config_moteur.o(.text)
    __main                                   0x00000605   Thumb Code     0  main.o(.text)
    Reset_Handler                            0x00000791   Thumb Code     8  startup_armcm3.o(.text)
    HardFault_Handler                        0x00000799   Thumb Code     2  startup_armcm3.o(.text)
    NMI_Handler                              0x0000079b   Thumb Code     2  startup_armcm3.o(.text)
    MemManage_Handler                        0x0000079d   Thumb Code     2  startup_armcm3.o(.text)
    BusFault_Handler                         0x0000079f   Thumb Code     2  startup_armcm3.o(.text)
    UsageFault_Handler                       0x000007a1   Thumb Code     2  startup_armcm3.o(.text)
    SVC_Handler                              0x000007a3   Thumb Code     2  startup_armcm3.o(.text)
    DebugMon_Handler                         0x000007a5   Thumb Code     2  startup_armcm3.o(.text)
    PendSV_Handler                           0x000007a7   Thumb Code     2  startup_armcm3.o(.text)
    SysTick_Handler                          0x000007a9   Thumb Code     2  startup_armcm3.o(.text)
    Interrupt0_Handler                       0x000007ab   Thumb Code     2  startup_armcm3.o(.text)
    Interrupt1_Handler                       0x000007ad   Thumb Code     2  startup_armcm3.o(.text)
    Interrupt2_Handler                       0x000007af   Thumb Code     2  startup_armcm3.o(.text)
    Interrupt3_Handler                       0x000007b1   Thumb Code     2  startup_armcm3.o(.text)
    Interrupt4_Handler                       0x000007b3   Thumb Code     2  startup_armcm3.o(.text)
    Interrupt5_Handler                       0x000007b5   Thumb Code     2  startup_armcm3.o(.text)
    Interrupt6_Handler                       0x000007b7   Thumb Code     2  startup_armcm3.o(.text)
    Interrupt7_Handler                       0x000007b9   Thumb Code     2  startup_armcm3.o(.text)
    Interrupt8_Handler                       0x000007bb   Thumb Code     2  startup_armcm3.o(.text)
    Interrupt9_Handler                       0x000007bd   Thumb Code     2  startup_armcm3.o(.text)
    SystemInit                               0x000007c9   Thumb Code    38  system_armcm3.o(.text.SystemInit)
    SystemCoreClock                          0x20000000   Data           4  system_armcm3.o(.data.SystemCoreClock)
    __stack_limit                            0x20000008   Data           0  startup_armcm3.o(STACK)
    __initial_sp                             0x20000408   Data           0  startup_armcm3.o(STACK)



==============================================================================

Memory Map of the image

  Image Entry point : 0x00000791

  Load Region LR_1 (Base: 0x00000000, Size: 0x000007f4, Max: 0xffffffff, ABSOLUTE)

    Execution Region ER_RO (Exec base: 0x00000000, Load base: 0x00000000, Size: 0x000007f0, Max: 0xffffffff, ABSOLUTE)

    Exec Addr    Load Addr    Size         Type   Attr      Idx    E Section Name        Object

    0x00000000   0x00000000   0x000003c0   Data   RO           14    RESET               startup_armcm3.o
    0x000003c0   0x000003c0   0x00000060   Code   RO            1  * .text               config_leds.o
    0x00000420   0x00000420   0x000001e4   Code   RO            6  * .text               config_moteur.o
    0x00000604   0x00000604   0x0000018c   Code   RO            9  * .text               main.o
    0x00000790   0x00000790   0x00000038   Code   RO           15  * .text               startup_armcm3.o
    0x000007c8   0x000007c8   0x00000026   Code   RO           22    .text.SystemInit    system_armcm3.o


    Execution Region ER_RW (Exec base: 0x20000000, Load base: 0x000007f0, Size: 0x00000004, Max: 0xffffffff, ABSOLUTE)

    Exec Addr    Load Addr    Size         Type   Attr      Idx    E Section Name        Object

    0x20000000   0x000007f0   0x00000004   Data   RW           24    .data.SystemCoreClock  system_armcm3.o


    Execution Region ER_ZI (Exec base: 0x20000008, Load base: 0x000007f4, Size: 0x00000400, Max: 0xffffffff, ABSOLUTE)

    Exec Addr    Load Addr    Size         Type   Attr      Idx    E Section Name        Object

    0x20000008        -       0x00000400   Zero   RW           12    STACK               startup_armcm3.o


==============================================================================

Image component sizes


      Code (inc. data)   RO Data    RW Data    ZI Data      Debug   Object Name

        96         20          0          0          0        276   config_leds.o
       484        112          0          0          0        380   config_moteur.o
       396         44          0          0          0        324   main.o
        56         10        960          0       1024       1160   startup_armcm3.o
        38          0          0          4          0       1384   system_armcm3.o

    ----------------------------------------------------------------------
      1072        186        960          4       1024       3524   Object Totals
         0          0          0          0          0          0   (incl. Generated)
         2          0          0          0          0          0   (incl. Padding)

    ----------------------------------------------------------------------
         0          0          0          0          0          0   Library Totals
         0          0          0          0          0          0   (incl. Padding)

    ----------------------------------------------------------------------

==============================================================================


      Code (inc. data)   RO Data    RW Data    ZI Data      Debug   

      1072        186        960          4       1024       3524   Grand Totals
      1072        186        960          4       1024       3524   ELF Image Totals
      1072        186        960          4          0          0   ROM Totals

==============================================================================

    Total RO  Size (Code + RO Data)                 2032 (   1.98kB)
    Total RW  Size (RW Data + ZI Data)              1028 (   1.00kB)
    Total ROM Size (Code + RO Data + RW Data)       2036 (   1.99kB)

==============================================================================

